// Jest Snapshot v1, https://goo.gl/fbAQLP

exports[`matches snapshot 1`] = `
<a
  className="top-nav sidenav-trigger show-on-large right"
  data-target="slide-out"
  href="#"
>
  <i
    className="material-icons"
  >
    filter_list
  </i>
</a>
`;
